###############################################################################
#
# IAR ELF Linker V8.32.2.178/W32 for ARM                  12/Feb/2019  20:31:30
# Copyright 2007-2018 IAR Systems AB.
#
#    Output file  =  
#        C:\ti -
#        Copy\TivaWare_C_Series-2.1.4.178\examples\boards\ek-tm4c123gxl\freertos_demo\ewarm\Exe\freertos_demo.out
#    Map file     =  
#        C:\ti -
#        Copy\TivaWare_C_Series-2.1.4.178\examples\boards\ek-tm4c123gxl\freertos_demo\ewarm\List\freertos_demo.map
#    Command line =  
#        -f C:\Users\TINVO~1\AppData\Local\Temp\EWF91F.tmp ("C:\ti -
#        Copy\TivaWare_C_Series-2.1.4.178\examples\boards\ek-tm4c123gxl\freertos_demo\ewarm\Obj\buttons.o"
#        "C:\ti -
#        Copy\TivaWare_C_Series-2.1.4.178\driverlib\ewarm\Exe\driverlib.a"
#        "C:\ti -
#        Copy\TivaWare_C_Series-2.1.4.178\examples\boards\ek-tm4c123gxl\freertos_demo\ewarm\Obj\freertos_demo.o"
#        "C:\ti -
#        Copy\TivaWare_C_Series-2.1.4.178\examples\boards\ek-tm4c123gxl\freertos_demo\ewarm\Obj\heap_2.o"
#        "C:\ti -
#        Copy\TivaWare_C_Series-2.1.4.178\examples\boards\ek-tm4c123gxl\freertos_demo\ewarm\Obj\led_task.o"
#        "C:\ti -
#        Copy\TivaWare_C_Series-2.1.4.178\examples\boards\ek-tm4c123gxl\freertos_demo\ewarm\Obj\list.o"
#        "C:\ti -
#        Copy\TivaWare_C_Series-2.1.4.178\examples\boards\ek-tm4c123gxl\freertos_demo\ewarm\Obj\port.o"
#        "C:\ti -
#        Copy\TivaWare_C_Series-2.1.4.178\examples\boards\ek-tm4c123gxl\freertos_demo\ewarm\Obj\portasm.o"
#        "C:\ti -
#        Copy\TivaWare_C_Series-2.1.4.178\examples\boards\ek-tm4c123gxl\freertos_demo\ewarm\Obj\queue.o"
#        "C:\ti -
#        Copy\TivaWare_C_Series-2.1.4.178\examples\boards\ek-tm4c123gxl\freertos_demo\ewarm\Obj\rgb.o"
#        "C:\ti -
#        Copy\TivaWare_C_Series-2.1.4.178\examples\boards\ek-tm4c123gxl\freertos_demo\ewarm\Obj\sleep.o"
#        "C:\ti -
#        Copy\TivaWare_C_Series-2.1.4.178\examples\boards\ek-tm4c123gxl\freertos_demo\ewarm\Obj\startup_ewarm.o"
#        "C:\ti -
#        Copy\TivaWare_C_Series-2.1.4.178\examples\boards\ek-tm4c123gxl\freertos_demo\ewarm\Obj\switch_task.o"
#        "C:\ti -
#        Copy\TivaWare_C_Series-2.1.4.178\examples\boards\ek-tm4c123gxl\freertos_demo\ewarm\Obj\tasks.o"
#        "C:\ti -
#        Copy\TivaWare_C_Series-2.1.4.178\examples\boards\ek-tm4c123gxl\freertos_demo\ewarm\Obj\uartstdio.o"
#        "C:\ti -
#        Copy\TivaWare_C_Series-2.1.4.178\examples\boards\ek-tm4c123gxl\freertos_demo\ewarm\Obj\ustdlib.o"
#        --redirect _Printf=_PrintfTiny --redirect _Scanf=_ScanfSmallNoMb
#        --no_out_extension -o "C:\ti -
#        Copy\TivaWare_C_Series-2.1.4.178\examples\boards\ek-tm4c123gxl\freertos_demo\ewarm\Exe\freertos_demo.out"
#        --map "C:\ti -
#        Copy\TivaWare_C_Series-2.1.4.178\examples\boards\ek-tm4c123gxl\freertos_demo\ewarm\List\freertos_demo.map"
#        --config "C:\ti -
#        Copy\TivaWare_C_Series-2.1.4.178\examples\boards\ek-tm4c123gxl\freertos_demo\freertos_demo.icf"
#        --semihosting --entry __iar_program_start --vfe --text_out locale)
#
###############################################################################

*******************************************************************************
*** RUNTIME MODEL ATTRIBUTES
***

CppFlavor       = *
__SystemLibrary = DLib
__dlib_version  = 6


*******************************************************************************
*** HEAP SELECTION
***

The basic heap was selected because some modules are built with
size limitations (and not runtime checking), and --advanced_heap
was not specified.


*******************************************************************************
*** PLACEMENT SUMMARY
***

"A0":  place at start of [from 0x0 to 0x3'ffff] { ro section .intvec };
"P1":  place in [from 0x0 to 0x3'ffff] { ro };
define block HEAP with size = 0M, alignment = 8 { };
"P2":  place in [from 0x2000'0000 to 0x2000'7fff] { rw, block HEAP };
do not initialize { section .noinit };
initialize by copy { rw };

No sections matched the following patterns:

  section VTABLE  in "A1"


  Section            Kind         Address    Size  Object
  -------            ----         -------    ----  ------
"A0":                                       0x26c
  .intvec            const            0x0   0x26c  startup_ewarm.o [1]
                                  - 0x26c   0x26c

"P1":                                      0x1c05
  .text              ro code        0x26c   0x76c  tasks.o [1]
  .text              ro code        0x9d8   0x198  port.o [1]
  .text              ro code        0xb70    0x90  list.o [1]
  .text              ro code        0xc00    0xa8  freertos_demo.o [1]
  .text              ro code        0xca8    0xe4  heap_2.o [1]
  .text              ro code        0xd8c    0x3a  ABImemset48.o [5]
  .text              ro code        0xdc6    0x7a  lz77_init_single.o [5]
  .text              ro code        0xe40    0x28  port.o [1]
  CODE               ro code        0xe68    0xa8  portasm.o [1]
  .text              ro code        0xf10     0x8  uart.o [3]
  .text              ro code        0xf18   0x264  uartstdio.o [1]
  .text              ro code       0x117c   0x410  queue.o [1]
  .text              ro code       0x158c   0x184  led_task.o [1]
  .text              ro code       0x1710   0x130  switch_task.o [1]
  .text              ro code       0x1840    0x12  ABImemset_small.o [5]
  .text              ro code       0x1852    0x3a  zero_init3.o [5]
  .text              ro code       0x188c    0x18  ABImemcpy_small.o [5]
  .text              ro code       0x18a4   0x248  rgb.o [1]
  .text              ro code       0x1aec    0xb4  buttons.o [1]
  .text              ro code       0x1ba0    0x16  sleep.o [1]
  .rodata            const         0x1bb8    0x30  freertos_demo.o [1]
  .rodata            const         0x1be8    0x28  switch_task.o [1]
  .text              ro code       0x1c10    0x28  data_init.o [5]
  .rodata            const         0x1c38    0x24  led_task.o [1]
  .text              ro code       0x1c5c    0x22  fpinit_M.o [4]
  .iar.init_table    const         0x1c80    0x20  - Linker created -
  .text              ro code       0x1ca0    0x1e  cmain.o [5]
  .text              ro code       0x1cbe     0x4  low_level_init.o [2]
  .text              ro code       0x1cc2     0x4  exit.o [2]
  .text              ro code       0x1cc8     0xa  cexit.o [5]
  .text              ro code       0x1cd4    0x14  exit.o [6]
  .text              ro code       0x1ce8    0x1a  startup_ewarm.o [1]
  .text              ro code       0x1d02     0xc  cstartup_M.o [5]
  .rodata            const         0x1d0e     0x0  zero_init3.o [5]
  .rodata            const         0x1d0e     0x0  lz77_init_single.o [5]
  Initializer bytes  const         0x1d0e   0x163  <for P2-1>
                                 - 0x1e71  0x1c05

"P2", part 1 of 3:                         0x755f
  P2-1                        0x2000'0000  0x755f  <Init block>
    .data            inited   0x2000'0000  0x7548  heap_2.o [1]
    .data            inited   0x2000'7548     0x4  port.o [1]
    .data            inited   0x2000'754c    0x10  rgb.o [1]
    .data            inited   0x2000'755c     0x3  buttons.o [1]
                            - 0x2000'755f  0x755f

"P2", part 2 of 3:                          0x208
  .bss               zero     0x2000'7560   0x140  tasks.o [1]
  .bss               zero     0x2000'76a0    0x9c  tasks.o [1]
  .bss               zero     0x2000'773c    0x14  led_task.o [1]
  .bss               zero     0x2000'7750     0xc  port.o [1]
  .bss               zero     0x2000'775c     0x8  uartstdio.o [1]
  .bss               zero     0x2000'7764     0x4  freertos_demo.o [1]
                            - 0x2000'7768   0x208

"P2", part 3 of 3:                          0x200
  .noinit            uninit   0x2000'7768   0x200  startup_ewarm.o [1]
                            - 0x2000'7968   0x200

Unused ranges:

         From           To      Size
         ----           --      ----
       0x1e71     0x3'ffff  0x3'e18f
  0x2000'755f  0x2000'755f       0x1
  0x2000'7968  0x2000'7fff     0x698


*******************************************************************************
*** INIT TABLE
***

          Address      Size
          -------      ----
Zero (__iar_zero_init3)
    1 destination range, total size 0x208:
          0x2000'7560   0x208

Copy/lz77 (__iar_lz77_init_single3)
    1 source range, total size 0x163 (1% of destination):
               0x1d0e   0x163
    1 destination range, total size 0x755f:
          0x2000'0000  0x755f



*******************************************************************************
*** MODULE SUMMARY
***

    Module              ro code  ro data  rw data
    ------              -------  -------  -------
command line/config:
    ---------------------------------------------
    Total:

C:\ti - Copy\TivaWare_C_Series-2.1.4.178\examples\boards\ek-tm4c123gxl\freertos_demo\ewarm\Obj: [1]
    buttons.o               180        1        3
    freertos_demo.o         168       48        4
    heap_2.o                228      354   30 024
    led_task.o              388       36       20
    list.o                  144
    port.o                  448                16
    portasm.o               168
    queue.o               1 040
    rgb.o                   584                16
    sleep.o                  22
    startup_ewarm.o          26      620      512
    switch_task.o           304       40
    tasks.o               1 900               476
    uartstdio.o             612                 8
    ---------------------------------------------
    Total:                6 212    1 099   31 079

dl7M_tln.a: [2]
    exit.o                    4
    low_level_init.o          4
    ---------------------------------------------
    Total:                    8

driverlib.a: [3]
    uart.o                    8
    ---------------------------------------------
    Total:                    8

m7M_tls.a: [4]
    fpinit_M.o               34
    ---------------------------------------------
    Total:                   34

rt7M_tl.a: [5]
    ABImemcpy_small.o        24
    ABImemset48.o            58
    ABImemset_small.o        18
    cexit.o                  10
    cmain.o                  30
    cstartup_M.o             12
    data_init.o              40
    lz77_init_single.o      122
    zero_init3.o             58
    ---------------------------------------------
    Total:                  372

shb_l.a: [6]
    exit.o                   20
    ---------------------------------------------
    Total:                   20

    Gaps                      4        4
    Linker created                    32
-------------------------------------------------
    Grand Total:          6 658    1 135   31 079


*******************************************************************************
*** ENTRY LIST
***

Entry                       Address    Size  Type      Object
-----                       -------    ----  ----      ------
.iar.init_table$$Base        0x1c80           --   Gb  - Linker created -
.iar.init_table$$Limit       0x1ca0           --   Gb  - Linker created -
?main                        0x1ca1          Code  Gb  cmain.o [5]
ButtonsInit                  0x1b3d    0x4a  Code  Gb  buttons.o [1]
ButtonsPoll                  0x1aed    0x50  Code  Gb  buttons.o [1]
ButtonsPoll::ui8SwitchClockA
                        0x2000'755d     0x1  Data  Lc  buttons.o [1]
ButtonsPoll::ui8SwitchClockB
                        0x2000'755e     0x1  Data  Lc  buttons.o [1]
ConfigureUART                 0xc03    0x4a  Code  Gb  freertos_demo.o [1]
FaultISR                     0x1cff     0x2  Code  Lc  startup_ewarm.o [1]
IntDefaultHandler            0x1d01     0x2  Code  Lc  startup_ewarm.o [1]
LEDTask                      0x158d    0xa8  Code  Lc  led_task.o [1]
LEDTaskInit                  0x1651    0x68  Code  Gb  led_task.o [1]
NmiSR                        0x1cfd     0x2  Code  Lc  startup_ewarm.o [1]
RGBColorSet                  0x1a35    0x72  Code  Gb  rgb.o [1]
RGBDisable                   0x19e9    0x4c  Code  Gb  rgb.o [1]
RGBEnable                    0x195d    0x8c  Code  Gb  rgb.o [1]
RGBInit                      0x18a5    0xb8  Code  Gb  rgb.o [1]
RGBIntensitySet              0x1aa7     0x8  Code  Gb  rgb.o [1]
Region$$Table$$Base          0x1c80           --   Gb  - Linker created -
Region$$Table$$Limit         0x1ca0           --   Gb  - Linker created -
ResetISR                     0x1ce9     0xe  Code  Gb  startup_ewarm.o [1]
SwitchTask                   0x1711    0x98  Code  Lc  switch_task.o [1]
SwitchTaskInit               0x17b5    0x34  Code  Gb  switch_task.o [1]
UARTClockSourceSet            0xf11     0x8  Code  Gb  uart.o [3]
UARTStdioConfig               0xf19    0x4c  Code  Gb  uartstdio.o [1]
UARTgets::bLastWasCR    0x2000'775c     0x1  Data  Lc  uartstdio.o [1]
UARTprintf                   0x1137     0xe  Code  Gb  uartstdio.o [1]
UARTvprintf                   0xfa5   0x188  Code  Gb  uartstdio.o [1]
UARTwrite                     0xf65    0x36  Code  Gb  uartstdio.o [1]
__aeabi_memset4               0xd8d          Code  Gb  ABImemset48.o [5]
__aeabi_memset8               0xd8d          Code  Gb  ABImemset48.o [5]
__cmain                      0x1ca1          Code  Gb  cmain.o [5]
__exit                       0x1cd5    0x14  Code  Gb  exit.o [6]
__iar_Memset4_word            0xd95          Code  Gb  ABImemset48.o [5]
__iar_Memset8_word            0xd95          Code  Gb  ABImemset48.o [5]
__iar_data_init3             0x1c11    0x28  Code  Gb  data_init.o [5]
__iar_init_vfp               0x1c5d          Code  Gb  fpinit_M.o [4]
__iar_lz77_init_single3
                              0xdc7    0x7a  Code  Gb  lz77_init_single.o [5]
__iar_program_start          0x1d03          Code  Gb  cstartup_M.o [5]
__iar_small_Memcpy           0x1891          Code  Gb  ABImemcpy_small.o [5]
__iar_small_Memset           0x1841          Code  Gb  ABImemset_small.o [5]
__iar_small_Memset_word
                             0x1841          Code  Gb  ABImemset_small.o [5]
__iar_small_memcpy           0x188d          Code  Gb  ABImemcpy_small.o [5]
__iar_small_memcpy4          0x188d          Code  Gb  ABImemcpy_small.o [5]
__iar_small_memcpy8          0x188d          Code  Gb  ABImemcpy_small.o [5]
__iar_small_memset           0x1841          Code  Gb  ABImemset_small.o [5]
__iar_zero_init3             0x1853    0x3a  Code  Gb  zero_init3.o [5]
__low_level_init             0x1cbf     0x4  Code  Gb  low_level_init.o [2]
__vector_table                  0x0   0x26c  Data  Gb  startup_ewarm.o [1]
_call_main                   0x1cad          Code  Gb  cmain.o [5]
_exit                        0x1cc9          Code  Gb  cexit.o [5]
_main                        0x1cbb          Code  Gb  cmain.o [5]
eTaskConfirmSleepModeStatus
                              0x7b7    0x24  Code  Gb  tasks.o [1]
exit                         0x1cc3     0x4  Code  Gb  exit.o [2]
g_fIntensity            0x2000'7558     0x4  Data  Lc  rgb.o [1]
g_pLEDQueue             0x2000'7740     0x4  Data  Gb  led_task.o [1]
g_pUARTSemaphore        0x2000'7764     0x4  Data  Gb  freertos_demo.o [1]
g_pui32Colors           0x2000'7744     0xc  Data  Lc  led_task.o [1]
g_ui32Base              0x2000'7760     0x4  Data  Lc  uartstdio.o [1]
g_ui32Colors            0x2000'754c     0xc  Data  Lc  rgb.o [1]
g_ui32UARTBase               0x1164     0xc  Data  Lc  uartstdio.o [1]
g_ui32UARTPeriph             0x1170     0xc  Data  Lc  uartstdio.o [1]
g_ui8ButtonStates       0x2000'755c     0x1  Data  Lc  buttons.o [1]
g_ui8ColorsIndx         0x2000'773c     0x1  Data  Lc  led_task.o [1]
main                          0xc4d    0x36  Code  Gb  freertos_demo.o [1]
prvAddCurrentTaskToDelayedList
                              0x82b    0x32  Code  Lc  tasks.o [1]
prvAllocateTCBAndStack        0x85d    0x38  Code  Lc  tasks.o [1]
prvCopyDataFromQueue         0x1501    0x28  Code  Lc  queue.o [1]
prvCopyDataToQueue           0x1493    0x6e  Code  Lc  queue.o [1]
prvGetExpectedIdleTime        0x449    0x20  Code  Lc  tasks.o [1]
prvIdleTask                   0x74d    0x6a  Code  Lc  tasks.o [1]
prvInitialiseTCBVariables
                              0x7db    0x50  Code  Lc  tasks.o [1]
prvResetNextTaskUnblockTime
                              0x895    0x1a  Code  Lc  tasks.o [1]
prvTaskExitError              0x9fd    0x10  Code  Lc  port.o [1]
prvUnlockQueue               0x1529    0x60  Code  Lc  queue.o [1]
pui32Stack              0x2000'7768   0x200  Data  Lc  startup_ewarm.o [1]
pvPortMalloc                  0xca9    0xaa  Code  Gb  heap_2.o [1]
pvPortMalloc::xHeapHasBeenInitialised
                        0x2000'0014     0x4  Data  Lc  heap_2.o [1]
pvTaskIncrementMutexHeldCount
                              0x9a3    0x12  Code  Gb  tasks.o [1]
pxCurrentTCB            0x2000'76c8     0x4  Data  Gb  tasks.o [1]
pxDelayedTaskList       0x2000'76cc     0x4  Data  Lc  tasks.o [1]
pxOverflowDelayedTaskList
                        0x2000'76d0     0x4  Data  Lc  tasks.o [1]
pxPortInitialiseStack         0x9d9    0x22  Code  Gb  port.o [1]
pxReadyTasksLists       0x2000'7560   0x140  Data  Lc  tasks.o [1]
sleep                        0x1ba1    0x16  Code  Gb  sleep.o [1]
ucHeap                  0x2000'0018  0x7530  Data  Lc  heap_2.o [1]
ulStoppedTimerCompensation
                        0x2000'7758     0x4  Data  Lc  port.o [1]
ulTimerCountsForOneTick
                        0x2000'7750     0x4  Data  Lc  port.o [1]
uxCriticalNesting       0x2000'7548     0x4  Data  Lc  port.o [1]
uxCurrentNumberOfTasks  0x2000'76ec     0x4  Data  Lc  tasks.o [1]
uxListRemove                  0xbdd    0x24  Code  Gb  list.o [1]
uxPendedTicks           0x2000'76fc     0x4  Data  Lc  tasks.o [1]
uxSchedulerSuspended    0x2000'7710     0x4  Data  Lc  tasks.o [1]
uxTaskNumber            0x2000'7708     0x4  Data  Lc  tasks.o [1]
uxTasksDeleted          0x2000'76d4     0x4  Data  Lc  tasks.o [1]
uxTopReadyPriority      0x2000'76f4     0x4  Data  Lc  tasks.o [1]
vApplicationStackOverflowHook
                              0xc01     0x2  Code  Gb  freertos_demo.o [1]
vListInitialise               0xb71    0x1a  Code  Gb  list.o [1]
vListInitialiseItem           0xb8b     0x6  Code  Gb  list.o [1]
vListInsert                   0xbab    0x32  Code  Gb  list.o [1]
vListInsertEnd                0xb91    0x1a  Code  Gb  list.o [1]
vPortEnableVFP                0xef5          Code  Gb  portasm.o [1]
vPortEnterCritical            0xa41    0x18  Code  Gb  port.o [1]
vPortExitCritical             0xa59    0x10  Code  Gb  port.o [1]
vPortFree                     0xd53    0x36  Code  Gb  heap_2.o [1]
vPortSVCHandler               0xec1          Code  Gb  portasm.o [1]
vPortStartFirstTask           0xedd          Code  Gb  portasm.o [1]
vPortSuppressTicksAndSleep
                              0xaa1    0xd0  Code  Wk  port.o [1]
vTaskDelayUntil               0x373    0x54  Code  Gb  tasks.o [1]
vTaskMissedYield              0x741     0xa  Code  Gb  tasks.o [1]
vTaskPlaceOnEventList         0x639    0x26  Code  Gb  tasks.o [1]
vTaskPriorityInherit          0x8af    0x80  Code  Gb  tasks.o [1]
vTaskSetTimeOutState          0x6eb     0xe  Code  Gb  tasks.o [1]
vTaskStartScheduler           0x3e5    0x44  Code  Gb  tasks.o [1]
vTaskStepTick                 0x50b     0xc  Code  Gb  tasks.o [1]
vTaskSuspendAll               0x43d     0xc  Code  Gb  tasks.o [1]
vTaskSwitchContext            0x5c7    0x72  Code  Gb  tasks.o [1]
xDelayedTaskList1       0x2000'7714    0x14  Data  Lc  tasks.o [1]
xDelayedTaskList2       0x2000'7728    0x14  Data  Lc  tasks.o [1]
xEnd                    0x2000'0008     0x8  Data  Lc  heap_2.o [1]
xFreeBytesRemaining     0x2000'0010     0x4  Data  Lc  heap_2.o [1]
xMaximumPossibleSuppressedTicks
                        0x2000'7754     0x4  Data  Lc  port.o [1]
xNextTaskUnblockTime    0x2000'770c     0x4  Data  Lc  tasks.o [1]
xNumOfOverflows         0x2000'7704     0x4  Data  Lc  tasks.o [1]
xPendingReadyList       0x2000'76a0    0x14  Data  Lc  tasks.o [1]
xPortPendSVHandler            0xe69          Code  Gb  portasm.o [1]
xPortStartScheduler           0xa0d    0x34  Code  Gb  port.o [1]
xPortSysTickHandler           0xa69    0x26  Code  Gb  port.o [1]
xQueueCreateMutex            0x122f    0x46  Code  Gb  queue.o [1]
xQueueGenericCreate          0x11eb    0x44  Code  Gb  queue.o [1]
xQueueGenericReceive         0x1367   0x118  Code  Gb  queue.o [1]
xQueueGenericReset           0x117d    0x6e  Code  Gb  queue.o [1]
xQueueGenericSend            0x127f    0xe8  Code  Gb  queue.o [1]
xSchedulerRunning       0x2000'76f8     0x4  Data  Lc  tasks.o [1]
xStart                  0x2000'0000     0x8  Data  Lc  heap_2.o [1]
xSuspendedTaskList      0x2000'76d8    0x14  Data  Lc  tasks.o [1]
xTaskCheckForTimeOut          0x6f9    0x48  Code  Gb  tasks.o [1]
xTaskGenericCreate            0x26d   0x106  Code  Gb  tasks.o [1]
xTaskGetTickCount             0x501     0x2  Code  Gb  tasks.o [1]
xTaskIncrementTick            0x517    0xb0  Code  Gb  tasks.o [1]
xTaskPriorityDisinherit
                              0x935    0x6e  Code  Gb  tasks.o [1]
xTaskRemoveFromEventList
                              0x691    0x54  Code  Gb  tasks.o [1]
xTaskResumeAll                0x469    0x98  Code  Gb  tasks.o [1]
xTasksWaitingTermination
                        0x2000'76b4    0x14  Data  Lc  tasks.o [1]
xTickCount              0x2000'76f0     0x4  Data  Lc  tasks.o [1]
xYieldPending           0x2000'7700     0x4  Data  Lc  tasks.o [1]


[1] = C:\ti - Copy\TivaWare_C_Series-2.1.4.178\examples\boards\ek-tm4c123gxl\freertos_demo\ewarm\Obj
[2] = dl7M_tln.a
[3] = driverlib.a
[4] = m7M_tls.a
[5] = rt7M_tl.a
[6] = shb_l.a

   6 658 bytes of readonly  code memory
   1 135 bytes of readonly  data memory
  31 079 bytes of readwrite data memory

Errors: none
Warnings: none
